core_cm4.h:1452:22:NVIC_EnableIRQ	16	static
board.c:22:6:Btn_Init_EXTI	16	static
board.c:100:6:Buz_Init	8	static
board.c:108:6:Buz_On	4	static
board.c:111:6:Buz_Off	4	static
board.c:114:6:Buz_Toggle	4	static
board.c:119:6:Relay_Init	8	static
board.c:127:6:Relay_On	4	static
board.c:130:6:Relay_Off	4	static
board.c:133:6:Relay_Toggle	4	static
board.c:141:6:Led_Init	16	static
board.c:149:6:Led_On	16	static
board.c:152:6:Led_Off	16	static
board.c:155:6:Led_Toggle	16	static
board.c:159:6:Leds_Init	16	static
board.c:166:6:Leds_On	16	static
board.c:169:6:Leds_Off	16	static
board.c:172:6:Leds_Toggle	16	static
board.c:177:6:Btn_Init	16	static
board.c:215:9:Btn_isPressed	24	static
board.c:239:6:EXTI0_IRQHandler	8	static
board.c:243:6:EXTI1_IRQHandler	8	static
board.c:247:6:EXTI2_IRQHandler	8	static
board.c:251:6:EXTI15_10_IRQHandler	8	static
